// Jest Snapshot v1, https://goo.gl/fbAQLP

exports[`Lesson Card snapshot tests renders correctly and matches snapshot 1`] = `
<View
  accessibilityState={
    {
      "busy": undefined,
      "checked": undefined,
      "disabled": undefined,
      "expanded": undefined,
      "selected": undefined,
    }
  }
  accessibilityValue={
    {
      "max": undefined,
      "min": undefined,
      "now": undefined,
      "text": undefined,
    }
  }
  accessible={true}
  collapsable={false}
  focusable={true}
  onClick={[Function]}
  onResponderGrant={[Function]}
  onResponderMove={[Function]}
  onResponderRelease={[Function]}
  onResponderTerminate={[Function]}
  onResponderTerminationRequest={[Function]}
  onStartShouldSetResponder={[Function]}
  style={
    {
      "height": 60,
      "marginVertical": 10,
      "opacity": 1,
      "position": "relative",
    }
  }
>
  <View
    style={
      [
        {
          "borderRadius": 8,
          "bottom": 0,
          "left": 0,
          "opacity": 0.2,
          "position": "absolute",
          "right": 0,
          "top": 0,
        },
        {
          "backgroundColor": "#FF5733",
        },
      ]
    }
  />
  <View
    style={
      [
        {
          "alignItems": "center",
          "borderRadius": 8,
          "borderWidth": 3,
          "flex": 1,
          "flexDirection": "row",
          "height": 60,
          "justifyContent": "space-between",
          "padding": 10,
          "position": "relative",
          "width": "100%",
        },
        {
          "borderColor": "#FF5733",
          "boxShadow": "0 4px 4px rgba(0, 0, 0, 0.25)",
        },
      ]
    }
  >
    <View
      style={
        [
          {
            "backgroundColor": "#fff",
          },
          [
            {
              "borderRadius": 5,
              "height": 50,
              "left": 2,
              "position": "absolute",
              "top": 2,
            },
            {
              "backgroundColor": "#FF5733",
              "width": 1.59,
            },
          ],
        ]
      }
    />
    <Text
      ellipsizeMode="tail"
      numberOfLines={1}
      style={
        [
          {
            "color": "rgba(0,0,0,0.8)",
          },
          undefined,
          undefined,
          {
            "fontSize": 16,
            "fontWeight": "600",
            "lineHeight": 24,
          },
          undefined,
          undefined,
          undefined,
          {
            "flex": 1,
            "marginLeft": 8,
          },
        ]
      }
    >
      Test Lesson
    </Text>
  </View>
</View>
`;
