// Jest Snapshot v1, https://goo.gl/fbAQLP

exports[`renders correctly and matches snapshot 1`] = `
<Text
  style={
    [
      {
        "color": "rgba(0,0,0,0.8)",
      },
      {
        "fontSize": 16,
        "lineHeight": 24,
      },
      undefined,
      undefined,
      undefined,
      undefined,
      undefined,
      undefined,
    ]
  }
>
  Snapshot test!
</Text>
`;
